// Jest Snapshot v1, https://goo.gl/fbAQLP

exports[`<NotFound/> matches snapshot 1`] = `
<div
  className="container margin"
>
  <div
    className="card padding-round"
  >
    <h3
      className="card-title center"
    >
      Page not found
    </h3>
    <p
      className="center"
    >
      <i
        className="material-icons large"
      >
        stars
      </i>
    </p>
  </div>
</div>
`;
